我已加载AGENTS.md（V8格化阶段角色）、prompt.md（2步流程）、step1/step2要求、input.md（IMO 2009 P6蚱蜢问题解答）。

现在按流程执行。先做第0步：创建空输出文件。第0步完成。现在执行第1步：完整格化（段划分+所有特征标注）。

解答分析：这是IMO 2009 P6蚱蜢问题的解答，结构为：WLOG排序+定义x+强归纳 → 三情况分析（基于M中元素相对x的位置）→ 每个情况内做M'构造+归纳应用+置换构造+验证 → WLOG归约闭合。

关键实体（跨段变量/技巧/策略）：**x**（除最大元外之和，分类标准）、**aₙ**（最大元，最大性反复使用）、**s**（总和，s∉M用于最终验证）、**M'**（缩减禁集，三情况都构造）、**good index r**（Case 1鸽巢产物）、**swap技巧**（Case 1/3用）、**z=max(M)**（Case 3用）。

按最细粒度划分（每段一个思维步骤），共22段：第1步完成。现在执行第2步：从segments.json的features提取M（去重并集），构造形式上下文矩阵(G,M,I)。

M共27个特征（13个常规思维特征 + 14个关键实体角色特征）。I矩阵为22段×27特征，已逐行核对每行1的个数与该段features数一致。矩阵与segments.json的features完全一致（22段×27特征）。创建完成标记。格化完成。V8格化阶段产出：

**段划分**：22段（最细粒度，每段一个思维步骤）
- 段1-3：WLOG排序 + 定义x + 强归纳建立
- 段4：三情况总纲（按M中元素相对x的位置分类）
- 段5-13：Case 1（x∈M且有y>x）—— bad index定义→单射论证→鸽巢得good index r→构造t和M'→归纳→swap置换→验证
- 段14-17：Case 2（x∉M且有y>x）—— M'构造→归纳→退化处理→验证
- 段18-21：Case 3（所有m≤x）—— z=max(M)→归纳→swap跳过z→验证
- 段22：WLOG归约闭合

**特征集合M**：27个特征
- 13个常规思维特征（WLOG归约/排序/定义变量/强归纳假设/情况分析/鸽巢论证/单射论证/构造性证明/验证/归纳应用/退化情况处理/边界推导/归约闭合）
- 14个关键实体角色特征（aₙ的最大性/x的定义/x的使用/x的分类标准角色/s的使用/bad index的定义/good index r的存在性/good index r的使用/t的定义/M'的构造/M'的规模估计/swap技巧/z的定义/z的使用）

**形式上下文(G,M,I)**：22×27矩阵，已程序校验与segments.json的features完全一致。

产出文件：
- [segments.json](file://~/master-mind-glm5.2-worktree/palyground/absorb/vein_analysis/0011_imo2009p6/phase1_grading/V8/segments.json)
- [formal_context.json](file://~/master-mind-glm5.2-worktree/palyground/absorb/vein_analysis/0011_imo2009p6/phase1_grading/V8/formal_context.json)
- step1_done.md / step2_done.md / DONE.md（完成信号）

按提示词约束，未做trace识别、未做矩阵验证（验证由verify_lattice_completeness.py完成）。
