Warning: You are sending unauthenticated requests to the HF Hub. Please set a HF_TOKEN to enable higher rate limits and faster downloads.
'The read operation timed out' thrown while requesting GET https://huggingface.co/datasets/AI-MO/NuminaMath-1.5/resolve/1b05109f9e5c1ad06c0663519502416c30b300f8/data/train-00000-of-00003.parquet
Retrying in 1s [Retry 1/5].
'peer closed connection without sending complete message body (received 14270586 bytes, expected 33338261)' thrown while requesting GET https://huggingface.co/datasets/AI-MO/NuminaMath-1.5/resolve/1b05109f9e5c1ad06c0663519502416c30b300f8/data/train-00000-of-00003.parquet
Retrying in 1s [Retry 1/5].
'The read operation timed out' thrown while requesting GET https://huggingface.co/datasets/AI-MO/NuminaMath-1.5/resolve/1b05109f9e5c1ad06c0663519502416c30b300f8/data/train-00000-of-00003.parquet
Retrying in 2s [Retry 2/5].
'The read operation timed out' thrown while requesting GET https://huggingface.co/datasets/AI-MO/NuminaMath-1.5/resolve/1b05109f9e5c1ad06c0663519502416c30b300f8/data/train-00000-of-00003.parquet
Retrying in 4s [Retry 3/5].
'The read operation timed out' thrown while requesting GET https://huggingface.co/datasets/AI-MO/NuminaMath-1.5/resolve/1b05109f9e5c1ad06c0663519502416c30b300f8/data/train-00000-of-00003.parquet
Retrying in 1s [Retry 1/5].
'peer closed connection without sending complete message body (received 3880258 bytes, expected 32506286)' thrown while requesting GET https://huggingface.co/datasets/AI-MO/NuminaMath-1.5/resolve/1b05109f9e5c1ad06c0663519502416c30b300f8/data/train-00000-of-00003.parquet
Retrying in 2s [Retry 2/5].
'_ssl.c:1064: The handshake operation timed out' thrown while requesting GET https://huggingface.co/datasets/AI-MO/NuminaMath-1.5/resolve/1b05109f9e5c1ad06c0663519502416c30b300f8/data/train-00000-of-00003.parquet
Retrying in 4s [Retry 3/5].
'_ssl.c:1064: The handshake operation timed out' thrown while requesting GET https://huggingface.co/datasets/AI-MO/NuminaMath-1.5/resolve/1b05109f9e5c1ad06c0663519502416c30b300f8/data/train-00000-of-00003.parquet
Retrying in 8s [Retry 4/5].
'The read operation timed out' thrown while requesting GET https://huggingface.co/datasets/AI-MO/NuminaMath-1.5/resolve/1b05109f9e5c1ad06c0663519502416c30b300f8/data/train-00000-of-00003.parquet
Retrying in 8s [Retry 5/5].
'_ssl.c:1064: The handshake operation timed out' thrown while requesting GET https://huggingface.co/datasets/AI-MO/NuminaMath-1.5/resolve/1b05109f9e5c1ad06c0663519502416c30b300f8/data/train-00000-of-00003.parquet
Got disconnected from remote data host. Retrying in 5sec [1/20]
'The read operation timed out' thrown while requesting GET https://huggingface.co/datasets/AI-MO/NuminaMath-1.5/resolve/1b05109f9e5c1ad06c0663519502416c30b300f8/data/train-00000-of-00003.parquet
Retrying in 1s [Retry 1/5].
'_ssl.c:1064: The handshake operation timed out' thrown while requesting GET https://huggingface.co/datasets/AI-MO/NuminaMath-1.5/resolve/1b05109f9e5c1ad06c0663519502416c30b300f8/data/train-00000-of-00003.parquet
Retrying in 2s [Retry 2/5].
'[SSL: UNEXPECTED_EOF_WHILE_READING] EOF occurred in violation of protocol (_ssl.c:1082)' thrown while requesting GET https://huggingface.co/datasets/AI-MO/NuminaMath-1.5/resolve/1b05109f9e5c1ad06c0663519502416c30b300f8/data/train-00000-of-00003.parquet
Retrying in 4s [Retry 3/5].
Traceback (most recent call last):
  File "<string>", line 10, in <module>
    for item in ds:
                ^^
  File "/opt/homebrew/lib/python3.14/site-packages/datasets/iterable_dataset.py", line 2840, in __iter__
    for key, example in ex_iterable:
                        ^^^^^^^^^^^
  File "/opt/homebrew/lib/python3.14/site-packages/datasets/iterable_dataset.py", line 2373, in __iter__
    for key, pa_table in self._iter_arrow():
                         ~~~~~~~~~~~~~~~~^^
  File "/opt/homebrew/lib/python3.14/site-packages/datasets/iterable_dataset.py", line 2398, in _iter_arrow
    for key, pa_table in self.ex_iterable._iter_arrow():
                         ~~~~~~~~~~~~~~~~~~~~~~~~~~~~^^
  File "/opt/homebrew/lib/python3.14/site-packages/datasets/iterable_dataset.py", line 536, in _iter_arrow
    for key, pa_table in iterator:
                         ^^^^^^^^
  File "/opt/homebrew/lib/python3.14/site-packages/datasets/iterable_dataset.py", line 419, in _iter_arrow
    for key, pa_table in self.generate_tables_fn(**gen_kwags):
                         ~~~~~~~~~~~~~~~~~~~~~~~^^^^^^^^^^^^^
  File "/opt/homebrew/lib/python3.14/site-packages/datasets/packaged_modules/parquet/parquet.py", line 207, in _generate_tables
    for batch_idx, record_batch in enumerate(
                                   ~~~~~~~~~^
        parquet_fragment.to_batches(
        ^^^^^^^^^^^^^^^^^^^^^^^^^^^^
    ...<5 lines>...
        )
        ^
    ):
    ^
  File "pyarrow/_dataset.pyx", line 3936, in _iterator
  File "pyarrow/_dataset.pyx", line 3526, in pyarrow._dataset.TaggedRecordBatchIterator.__next__
    batch = GetResultValue(move(self.iterator.get().Next()))
  File "pyarrow/error.pxi", line 155, in pyarrow.lib.pyarrow_internal_check_status
  File "pyarrow/error.pxi", line 89, in pyarrow.lib.check_status
    RestorePyError(status)
  File "/opt/homebrew/lib/python3.14/site-packages/datasets/utils/file_utils.py", line 844, in read_with_retries
    out = read(*args, **kwargs)
  File "/opt/homebrew/lib/python3.14/site-packages/huggingface_hub/hf_file_system.py", line 1238, in read
    return super().read(length)
           ~~~~~~~~~~~~^^^^^^^^
  File "/opt/homebrew/lib/python3.14/site-packages/fsspec/spec.py", line 2131, in read
    out = self.cache._fetch(self.loc, self.loc + length)
  File "/opt/homebrew/lib/python3.14/site-packages/fsspec/caching.py", line 279, in _fetch
    self.cache = self.fetcher(start, end)  # new block replaces old
                 ~~~~~~~~~~~~^^^^^^^^^^^^
  File "/opt/homebrew/lib/python3.14/site-packages/huggingface_hub/hf_file_system.py", line 1194, in _fetch_range
    r = http_backoff("GET", url, headers=headers, timeout=constants.HF_HUB_DOWNLOAD_TIMEOUT)
  File "/opt/homebrew/lib/python3.14/site-packages/huggingface_hub/utils/_http.py", line 596, in http_backoff
    return next(
        _http_backoff_base(
    ...<9 lines>...
        )
    )
  File "/opt/homebrew/lib/python3.14/site-packages/huggingface_hub/utils/_http.py", line 504, in _http_backoff_base
    response = client.request(method=method, url=url, **kwargs)
  File "~/Library/Python/3.14/lib/python/site-packages/httpx/_client.py", line 825, in request
    return self.send(request, auth=auth, follow_redirects=follow_redirects)
           ~~~~~~~~~^^^^^^^^^^^^^^^^^^^^^^^^^^^^^^^^^^^^^^^^^^^^^^^^^^^^^^^
  File "~/Library/Python/3.14/lib/python/site-packages/httpx/_client.py", line 901, in send
    raise RuntimeError("Cannot send a request, as the client has been closed.")
RuntimeError: Cannot send a request, as the client has been closed.
Loading NuminaMath-1.5...
Proof problems: 1000
Proof problems: 2000
Proof problems: 3000
Proof problems: 4000
Proof problems: 5000
Proof problems: 6000
Proof problems: 7000
Proof problems: 8000
Proof problems: 9000
Proof problems: 10000
Proof problems: 11000
Proof problems: 12000
Proof problems: 13000
Proof problems: 14000
Proof problems: 15000
Proof problems: 16000
Proof problems: 17000
Proof problems: 18000
Proof problems: 19000
Proof problems: 20000
Proof problems: 21000
Proof problems: 22000
Proof problems: 23000
Proof problems: 24000
Proof problems: 25000
Proof problems: 26000
Proof problems: 27000
Proof problems: 28000
Proof problems: 29000
Proof problems: 30000
Proof problems: 31000
Proof problems: 32000
Proof problems: 33000
Proof problems: 34000
Proof problems: 35000
