[2026-08-11 10:55:38] [INFO] [test] 日志模块测试
[2026-08-11 10:55:38] [WARNING] [test] 警告测试
[2026-08-11 11:01:40] [INFO] [vein_analysis] 格化超时设定: 600秒（解答文本1905字符）
[2026-08-11 11:03:20] [INFO] [vein_analysis] 格化版本V5完成，耗时100秒，段数=23
[2026-08-11 11:04:40] [INFO] [vein_analysis] 格化版本V7完成，耗时180秒，段数=24
[2026-08-11 11:06:00] [INFO] [vein_analysis] 格化版本V10完成，耗时260秒，段数=24
[2026-08-11 11:06:40] [INFO] [vein_analysis] 格化版本V8完成，耗时300秒，段数=24
[2026-08-11 11:06:40] [INFO] [vein_analysis] ✅ 4个格化session全部完成
[2026-08-11 11:06:40] [INFO] [vein_analysis] 格化阶段结果: 成功=['V5', 'V7', 'V8', 'V10'], 失败=[]
[2026-08-11 11:06:40] [INFO] [vein_analysis] 阶段1格化总耗时: 300秒
[2026-08-11 11:06:40] [INFO] [vein_analysis] 阶段1.5枚举总耗时: 0秒
[2026-08-11 11:24:40] [INFO] [vein_analysis] 阶段2综合分析总耗时: 1080秒
[2026-08-11 11:24:40] [INFO] [vein_analysis]   综合step1_comparison: 329秒
[2026-08-11 11:24:40] [INFO] [vein_analysis]   综合step2_closed_element: 244秒
[2026-08-11 11:24:40] [INFO] [vein_analysis]   综合step3_content_based: 127秒
[2026-08-11 11:24:40] [INFO] [vein_analysis]   综合step4_audit_merge: 260秒
[2026-08-11 11:24:40] [INFO] [vein_analysis] 全管线完成——总耗时1380秒，格化300秒，枚举0秒，综合1080秒
[2026-08-11 11:26:34] [INFO] [vein_analysis] 格化超时设定: 600秒（解答文本1905字符）
[2026-08-11 11:28:14] [INFO] [vein_analysis] 格化版本V5完成，耗时100秒，段数=22
[2026-08-11 11:29:54] [INFO] [vein_analysis] 格化版本V7完成，耗时200秒，段数=21
[2026-08-11 11:29:54] [INFO] [vein_analysis] 格化版本V10完成，耗时200秒，段数=19
[2026-08-11 11:31:34] [INFO] [vein_analysis] 格化版本V8完成，耗时300秒，段数=24
[2026-08-11 11:31:34] [INFO] [vein_analysis] ✅ 4个格化session全部完成
[2026-08-11 11:31:34] [INFO] [vein_analysis] 格化阶段结果: 成功=['V5', 'V7', 'V8', 'V10'], 失败=[]
[2026-08-11 11:31:34] [INFO] [vein_analysis] 阶段1格化总耗时: 300秒
[2026-08-11 11:31:34] [INFO] [vein_analysis] 阶段1.5枚举总耗时: 0秒
[2026-08-11 11:43:34] [INFO] [vein_analysis] 阶段2综合分析总耗时: 720秒
[2026-08-11 11:43:34] [INFO] [vein_analysis]   综合step1_comparison: 169秒
[2026-08-11 11:43:34] [INFO] [vein_analysis]   综合step2_closed_element: 159秒
[2026-08-11 11:43:34] [INFO] [vein_analysis]   综合step3_content_based: 86秒
[2026-08-11 11:43:34] [INFO] [vein_analysis]   综合step4_audit_merge: 211秒
[2026-08-11 11:43:34] [INFO] [vein_analysis] 全管线完成——总耗时1020秒，格化300秒，枚举0秒，综合720秒
