我已经加载了 AGENTS.md（V10 脉络分析AI角色）和 prompt.md（格化阶段提示词）。现在开始分析 input.md 中的 IMO 2009 P6 蚂蚱问题解答。

让我进行格化分析：段划分 + 形式上下文构造 + 关键实体列举。

解答结构分析：
- 排序归约 → 定义x → 强归纳框架 → 三情况分类
- Case 1 (x∈M, ∃y>x): bad index定义 → 注入性 → 鸽巢得好指标r → M'缩减 → 归纳 → 构造排列(swap) → 验证
- Case 2 (x∉M, ∃y>x): M'缩减 → 归纳 → 构造排列 → 验证
- Case 3 (all m≤x): z=max(M) → M'缩减 → 归纳 → swap处理z → 平凡情况
- 一般情况归约

现在写入三个产出文件：三个产出文件已写入。让我验证JSON格式正确性和I矩阵维度一致性：维度一致，特征匹配。让我检查是否有验证脚本可运行：验证脚本期望的是综合分析阶段的格式（单一文件含 `formal_context` 嵌套键 + `closed_elements`），而格化阶段 prompt.md 要求的是三个独立文件（G/M/I 格式）。格化阶段产出格式已按 prompt.md 正确写入，维度和特征一致性已验证通过。

现在创建完成信号：格化阶段完成。产出总结：

**段划分**：21段，覆盖完整解答脉络
- 段1-4：排序归约 → 定义x → 强归纳框架 → 三情况分类
- 段5-12：Case 1（x∈M, ∃y>x）——bad index定义→注入性→鸽巢得好指标r→M'缩减→归纳→swap构造→验证
- 段13-16：Case 2（x∉M, ∃y>x）——M'缩减→归纳→构造→验证
- 段17-20：Case 3（all m≤x）——z=max(M)→M'缩减→归纳→swap跳过z→平凡情况
- 段21：一般情况归约

**形式上下文**：21对象 × 28属性（21个思维特征 + 7个关键实体角色特征）

**关键实体**：7个
- `x`（变量）——贯穿11段，核心边界量+分类标准+缩减基准
- `aₙ`（变量）——贯穿5段，最大元素，swap跳过障碍的工具
- `强归纳`（策略）——贯穿4段，统一证明框架
- `swap技巧`（技巧）——跨Case 1/Case 3复用
- `M'缩减`（技巧）——贯穿5段，三Case统一缩减策略
- `bad index`（概念）——Case 1独有的存在性论证工具
- `z`（变量）——Case 3独有的障碍变量

DONE.md 已创建，格化阶段工作完成。
