queue: 24 runs, concurrency=4, order=['T', 'C', 'C', 'T', 'T', 'C', 'C', 'T', 'T', 'C', 'C', 'T', 'T', 'C', 'C', 'T', 'T', 'C', 'C', 'T', 'T', 'C', 'C', 'T']
[2026-08-22T04:57:39.134485+00:00] launched amo_bench_00000006 T (poc25c-00000006-t)
[2026-08-22T04:57:44.116626+00:00] launched amo_bench_00000006 C (poc25c-00000006-c)
[2026-08-22T04:57:49.119890+00:00] launched amo_bench_00000008 C (poc25c-00000008-c)
[2026-08-22T04:57:54.125021+00:00] launched amo_bench_00000008 T (poc25c-00000008-t)
[2026-08-22T05:02:44.160200+00:00] finished amo_bench_00000006 C: done 1
[2026-08-22T05:02:44.217974+00:00] launched deepmath_103k_00000688 T (poc25c-00000688-t)
[2026-08-22T05:02:49.159325+00:00] finished amo_bench_00000008 C: done 1
[2026-08-22T05:02:49.197840+00:00] launched deepmath_103k_00000688 C (poc25c-00000688-c)
[2026-08-22T05:03:09.170609+00:00] finished amo_bench_00000006 T: done 1
[2026-08-22T05:03:09.210290+00:00] launched deepmath_103k_00001678 C (poc25c-00001678-c)
[2026-08-22T05:03:24.171831+00:00] finished amo_bench_00000008 T: done 1
[2026-08-22T05:03:24.208181+00:00] launched deepmath_103k_00001678 T (poc25c-00001678-t)
[2026-08-22T05:07:19.219868+00:00] finished deepmath_103k_00000688 C: done 1
[2026-08-22T05:07:19.272935+00:00] launched deepmath_103k_00001747 T (poc25c-00001747-t)
[2026-08-22T05:07:54.240977+00:00] finished deepmath_103k_00001678 T: done 0
[2026-08-22T05:07:54.327767+00:00] launched deepmath_103k_00001747 C (poc25c-00001747-c)
[2026-08-22T05:08:09.237312+00:00] finished deepmath_103k_00001678 C: done 1
[2026-08-22T05:08:09.278255+00:00] launched deepmath_103k_00002077 C (poc25c-00002077-c)
[2026-08-22T05:08:14.246252+00:00] finished deepmath_103k_00000688 T: done 1
[2026-08-22T05:08:14.298075+00:00] launched deepmath_103k_00002077 T (poc25c-00002077-t)
[2026-08-22T05:09:44.310252+00:00] finished deepmath_103k_00002077 T: done 0
[2026-08-22T05:09:44.361555+00:00] launched deepmath_103k_00003167 T (poc25c-00003167-t)
[2026-08-22T05:13:19.323173+00:00] finished deepmath_103k_00001747 T: done 0
[2026-08-22T05:13:19.374107+00:00] launched deepmath_103k_00003167 C (poc25c-00003167-c)
[2026-08-22T05:13:54.378547+00:00] finished deepmath_103k_00001747 C: done 1
[2026-08-22T05:13:54.453266+00:00] launched deepmath_103k_00006253 C (poc25c-00006253-c)
[2026-08-22T05:14:09.324690+00:00] finished deepmath_103k_00002077 C: done 1
[2026-08-22T05:14:09.372729+00:00] launched deepmath_103k_00006253 T (poc25c-00006253-t)
[2026-08-22T05:15:14.403773+00:00] finished deepmath_103k_00003167 T: done 1
[2026-08-22T05:15:14.455122+00:00] launched deepmath_103k_00006809 T (poc25c-00006809-t)
[2026-08-22T05:16:24.468218+00:00] finished deepmath_103k_00006253 C: done 0
[2026-08-22T05:16:24.505808+00:00] launched deepmath_103k_00006809 C (poc25c-00006809-c)
[2026-08-22T05:19:19.412769+00:00] finished deepmath_103k_00003167 C: done 1
[2026-08-22T05:19:19.449913+00:00] launched deepmath_103k_00012700 C (poc25c-00012700-c)
[2026-08-22T05:19:54.539790+00:00] finished deepmath_103k_00006809 C: done 0
[2026-08-22T05:19:54.588821+00:00] launched deepmath_103k_00012700 T (poc25c-00012700-t)
[2026-08-22T05:21:09.455091+00:00] finished deepmath_103k_00006253 T: done 1
[2026-08-22T05:21:09.509303+00:00] launched deepmath_103k_00017608 T (poc25c-00017608-t)
[2026-08-22T05:21:44.532642+00:00] finished deepmath_103k_00006809 T: done 1
[2026-08-22T05:21:44.575784+00:00] launched deepmath_103k_00017608 C (poc25c-00017608-c)
[2026-08-22T05:22:19.495005+00:00] finished deepmath_103k_00012700 C: done 0
[2026-08-22T05:22:19.533765+00:00] launched deepmath_103k_00019730 C (poc25c-00019730-c)
[2026-08-22T05:22:49.538745+00:00] finished deepmath_103k_00019730 C: done 0
[2026-08-22T05:22:49.575129+00:00] launched deepmath_103k_00019730 T (poc25c-00019730-t)
[2026-08-22T05:22:54.628836+00:00] finished deepmath_103k_00012700 T: done 0
[2026-08-22T05:26:39.550479+00:00] finished deepmath_103k_00017608 T: done 1
[2026-08-22T05:27:14.618108+00:00] finished deepmath_103k_00017608 C: done 1
[2026-08-22T05:27:49.609599+00:00] finished deepmath_103k_00019730 T: done 1
ALL RUNS FINISHED
