这是一个研究级别的拉姆齐理论（Ramsey theory）问题。用户想要我的**猜测和推理过程**，并以 C_3 情况作为锚点。让我先根据已知文献核实一下确切的界限，这样我的猜测才有依据，然后再展示结构推理过程。已根据文献核实了我的分析。以下是我的猜测和推理过程。

## 猜测

$$R_k(C_4) = k^2 + 2 \quad \text{当 } k \text{ 为素数幂时}$$

更一般地，$R_k(C_4) = k^2 + O(1)$（或 $k^2 + o(k)$），处于已知范围 $[k^2+2,\ k^2+k+1]$ 的**下端**附近。

## 推理过程

### 1. 阶的判定：$\Theta(k^2)$ —— 二部性是关键

核心是 $C_4$ 与 $C_3$ 的**色数差异**，而不是圈长差异。

| | $C_3$ | $C_4$ |
|---|---|---|
| 二部？ | 否（$\chi=3$） | 是（$\chi=2$） |
| 极值数 $\mathrm{ex}(n, H)$ | $\frac{1}{4}n^2$（Turán） | $\Theta(n^{3/2})$（KST，因 $C_4 = K_{2,2}$） |
| 计数约束 $n^2/(2k) \le \mathrm{ex}(n,H)$ | $n^2/(2k) \le n^2/4 \Rightarrow k\ge 2$，**对 $n$ 无约束** | $n^2/(2k) \le \tfrac12 n^{3/2} \Rightarrow n \le k^2$ |
| $R_k$ 增长 | 超多项式 $k^{k/3-o(k)}$ | 多项式 $\Theta(k^2)$ |

这就是 Conlon 讲义里点明的："the sharp difference ... can be completely explained by the fact that $C_4$ is bipartite while $C_3$ is not." $C_3$ 非二部 ⇒ 极值图是稠密的二部图（Turán 图 $T_2(n)$，$\sim n^2/4$ 条边且无奇圈）⇒ 单个颜色类可以装下 $\sim n^2/4$ 条边仍无 $C_3$ ⇒ 计数上界对 $n$ 不构成限制 ⇒ $R_k(C_3)$ 可以超多项式增长。$C_4$ 本身二部 ⇒ 二部图并不能避开它 ⇒ 极值数跌到 $n^{3/2}$ 量级（Kővári–Sós–Turán：对二部禁图 $K_{s,t}$，$\mathrm{ex}(n,K_{s,t})=O(n^{2-1/s})$；$C_4=K_{2,2}$ 给 $O(n^{3/2})$）⇒ 计数强制 $n \le k^2$。

**一般原理**：$R_k(H)$ 是 $k$ 的多项式 ⇔ $H$ 二部（即 $\mathrm{ex}(n,H)=o(n^2)$）；$R_k(H)$ 超多项式 ⇔ $H$ 非二部。$C_4$ 落在多项式一侧，指数由 $\mathrm{ex}(n,C_4)\sim n^{3/2}$ 决定为 $2$。

### 2. 上界 $R_k(C_4) \le k^2 + k + 1$（Chung–Graham / Irving，对所有 $k$）

精算计数：$n = k^2 + ck$ 时，某色平均边数 $\bar e \approx \frac{k^3}{2} + ck^2$，而 $\mathrm{ex}(n,C_4) \approx \frac12 n^{3/2} + \frac n4 \approx \frac{k^3}{2} + \frac{3c}{4}k^2 + \frac{k^2}{4}$。$\bar e > \mathrm{ex}$ 当且仅当 $c > 1$。故 $n = k^2 + k + O(1)$ 即强制单色 $C_4$，给出 $R_k(C_4) \le k^2 + k + 1$。

### 3. 下界 $R_k(C_4) \ge k^2 + 2$（Lazebnik–Woldar，$k$ 为素数幂）

有限几何构造：用 $PG(2,k)$ 的结构对 $K_{k^2+1}$ 的边作 $k$-染色，使每色类无 $C_4$。关键在于近极值 $C_4$-free 图（极性图）能被组织成一个 $k$-染色分解。

### 4. 为什么我猜下端 $k^2+2$ 而非上端 $k^2+k+1$

小情形精确值全部命中下界：

| $k$ | 素数幂？ | $k^2+2$ | $k^2+k+1$ | 实际 $R_k(C_4)$ |
|---|---|---|---|---|
| 2 | ✓ | 6 | 7 | **6** |
| 3 | ✓ | 11 | 13 | **11** |
| 4 | ✓ ($2^2$) | 18 | 21 | **18** |
| 5 | ✓ | 27 | 31 | $\in\{27,28,29\}$ |

$k=2,3,4$ 三例精确等于 $k^2+2$；$k=5$ 的下界 $27$ 仍在可能集 $\{27,28,29\}$ 内。这个模式太干净，不像巧合。

**结构性理由**：计数上界 $k^2+k+1$ 是松的，因为它只用了"平均 ≥ 极值"，但取等要求 $k$ 个色类**同时**都是近极值 $C_4$-free 图（即射影平面极性图），并完美填满 $K_n$。这种紧密装填在结构上极受约束——极性图由射影平面的极性决定，$k$ 个极性图未必能拼成 $K_n$ 的边划分。所以上界达不到，真值贴近构造所能达到的下端。

### 置信度

- $R_k(C_4) = \Theta(k^2)$、二部/非二部分歧是 $C_4$ 与 $C_3$ 差异的根因：**高**（已是定理，Conlon/West 等明确陈述）。
- $R_k(C_4) \in [k^2+2,\ k^2+k+1]$：**高**（已验证的已知界）。
- $R_k(C_4) = k^2+2$ 对素数幂 $k$ 成立（下界紧）：**中**。$k=2,3,4$ 精确命中是强证据，但 $k=5$ 尚未确定（可能为 28 或 29），且一般素数幂下上界未被改进到 $k^2+O(1)$。这是**猜测**，不是定理。

### 一句话总结

$C_4$ 的二部性把极值数从 $n^2$ 压到 $n^{3/2}$，计数上界随之从"对 $n$ 无约束"收紧到 $n \le k^2$——这正是 $R_k(C_4)=\Theta(k^2)$ 而 $R_k(C_3)$ 超多项式的全部原因。精确值我猜贴近下界 $k^2+2$（素数幂时），因为小情形全部命中且计数上界因装填约束而偏松。

---
要不要我把这个猜测与推理落盘到 `dev-docs/`（作为 Ramsey 猜想的一个研究记录），或进入工作系统把它登记为认知单元？
