# db.py 的参考文档——理解数据库模块需要阅读这些文档

# 当前数据边界——adapter存在，live schema/data未核验
docs/data/sixth-generation-data-boundaries.md

# ── 研发资产管理（339号）── problem_entries集合的manifest_path/archive_path/git_commit字段
docs/history/sixth-generation/rnd/339-v0-2026-08-11-研发资产管理改进方案-从文件版本追踪的痛苦中提炼.md

# ── 子管线超时降级（340号）── phase1_success_versions/phase1_failed_versions/phase1_results字段
docs/history/sixth-generation/rnd/340-v0-2026-08-11-子管线超时降级方案-不卡住整个系统.md

# ── 系统时间意识（342号）── timing字段（全管线全子管线运行时间记录）
docs/history/sixth-generation/rnd/342-v0-2026-08-11-系统时间意识方案-全管线全子管线运行时间记录.md

# ── 数据结构定义 ──
system/schema.py
system/db_schema.py
