# db_schema.py 的参考文档——理解数据库表设计需要阅读这些文档

# 系统物理实现方向——§8.7 会话与启动目录ID化（palyground目录结构）
第六代系统技术说明书/README.md

# 系统架构总图——部署架构（ArangoDB存储）+ §6 运行痕迹保留（ai_instances/orphan_traces/tell_library_changes表）
第六代系统技术说明书/07-工程规格/01-系统架构总图.md

# Grove核心循环——两棵树（引导展开树/解题记录树）的存储需求
AGENTS.md

# tell库持续增长闭环——孤悬trace存档和tell库变更的闭环
six/loops.py

# 运行痕迹全程保留rule——数据库表是痕迹保留的数据库层面保障
# ai_instances表/orphan_traces表/tell_library_changes表不是可选的
.devin/rules/six-trace-preservation.md
