# log.py 的参考文档——理解系统日志模块需要阅读这些文档

# ── 全流程日志方案（341号） ──
# RotatingFileHandler——单文件1MB，最多500个备份（500MB）
# 日志格式：[timestamp] [level] [module] message
# 同时输出到文件（DEBUG以上）和stdout（INFO以上）
第六代系统研发过程文档/341-v0-2026-08-11-全流程日志方案-滚动日志到system-logs.md

# ── 系统时间意识（342号）——日志时间戳是3层时间记录的第1层 ──
第六代系统研发过程文档/342-v0-2026-08-11-系统时间意识方案-全管线全子管线运行时间记录.md
