# schema.py 的参考文档——理解本模块的数据结构定义需要阅读这些文档

# 系统架构总图——两个过程的完整数据流 + §6 运行痕迹保留
第六代系统技术说明书/07-工程规格/01-系统架构总图.md

# trace-tell-hint三步链路——基础概念
第六代系统技术说明书/01-基础概念/02-trace-tell-hint三步链路.md

# 先验Tell分类学——分类学本体（domain×段结构模式×具体概念，观察Level参数）
FCA学习笔记/08-先验Tell分类学.md

# tell-hint多对多关系 + 验证状态分层（case_source）
Tell分类学研究过程文档/333-v0-2026-08-10-同构之桥的tell-hint多对多关系与高Level展开的两个担忧.md

# 高Level概念是分类学的坐标轴不是点——结构知识与内容知识分离
Tell分类学研究过程文档/336-v0-2026-08-10-高Level概念是分类学的坐标轴不是点-结构知识与内容知识的分离.md

# tell+hint二元组根定义——tell的四个组成成分
000-v0-2026-08-08-引导树闭环-识别端结构定义.md

# 系统物理实现方向——两个入口（入题/解题）的定义 + §8.7 会话与启动目录ID化
第六代系统技术说明书/README.md

# 运行痕迹全程保留rule——Trace/Vein/LevelView等数据结构是痕迹保留的载体
.devin/rules/six-trace-preservation.md

# AI Agent启动规范——Session.working_directory是AI Agent的工作目录
.devin/rules/six-ai-agent-launch.md

# 4并发方案——V9产出的Trace需要包含generalizable/closed_element_id/meta_reflection等字段
第六代系统技术说明书/06-五代继承/02-第六代的独特贡献.md
