docs/history/sixth-generation/rnd/368-v0-2026-08-14-POC-VMS-41-Event-Extractor未见样本资格化协议.md
docs/history/sixth-generation/rnd/369-v0-2026-08-14-POC-VMS-41结果-Extractor未通过资格与粒度合同反例.md
docs/history/sixth-generation-route-replacements.md
system/tests/solve_vein_analysis/live_fixtures/poc_vms_41.freeze.json
system/tests/solve_vein_analysis/historical_binding.py
system/tests/solve_vein_analysis/verify_event_extractor_qualification.py
