docs/history/sixth-generation/rnd/371-v0-2026-08-14-POC-VMS-41R1-Event-Extractor-V2修订资格化协议.md
docs/history/sixth-generation/rnd/372-v0-2026-08-14-POC-VMS-41R1-未见资格包冻结协议-案例阈值与盲审流程.md
system/tests/solve_vein_analysis/build_vms41r1_qualification_pack.py
system/tests/solve_vein_analysis/qualification_fixtures/vms41r1/pack-manifest.json
system/docs/solve_vein_analysis.md
