第六代系统研发过程文档/380-v0-2026-08-14-POC-VMS-42-State-Normalizer预注册协议-多轴状态绑定.md
第六代系统研发过程文档/381-v0-2026-08-14-POC-VMS-42-State-Normalizer资格包冻结-零模型.md
第六代系统研发过程文档/382-v0-2026-08-14-POC-VMS-42-State-Normalizer-hidden-join-零模型.md
第六代系统研发过程文档/383-v0-2026-08-14-POC-VMS-42-State-Normalizer-reviewer-judgment-零模型.md
system/tests/solve_vein_analysis/vms42_state_normalizer_manual_judgment_contract.py
