docs/history/sixth-generation/rnd/377-v0-2026-08-14-POC-VMS-41R1-fake-live-bundle与盲审包materializer-零模型.md
docs/history/sixth-generation/rnd/378-v0-2026-08-14-POC-VMS-41R1-final-qualification-join-receipt-零模型.md
docs/history/sixth-generation/rnd/379-v0-2026-08-14-POC-VMS-41R1-fake-bundle-append-only-dry-run.md
